<html>
<body>
<pre>
<h1>µVision Build Log</h1>
<h2>Tool Versions:</h2>
IDE-Version: ¦ÌVision V5.38.0.0
Copyright (C) 2022 ARM Ltd and ARM Germany GmbH. All rights reserved.
License Information: Ruan Jennifer, UNIVERSIDAD POLITECNICA CAMPUS SUR, LIC=S85DU-BNA4X-7V61M-AK6JA-LP21Y-W3ZVP
 
Tool Versions:
Toolchain:       MDK-ARM Community  Version: 5.38.0.0
Toolchain Path:  Z:\Documentos\Nueva carpeta\ARM\ARMCLANG\Bin
C Compiler:      ArmClang.exe V6.19
Assembler:       Armasm.exe V6.19
Linker/Locator:  ArmLink.exe V6.19
Library Manager: ArmAr.exe V6.19
Hex Converter:   FromElf.exe V6.19
CPU DLL:         SARMCM3.DLL V5.38.0.0
Dialog DLL:      DARMCM1.DLL V1.19.6.0
Target DLL:      UL2CM3.DLL V1.164.8.0
Dialog DLL:      TARMCM1.DLL V1.14.6.0
 
<h2>Project:</h2>
Z:\Escritorio\MICRO\Archivos_P1\P1\S1\E2\MICR.uvprojx
Project File Date:  03/02/2023

<h2>Output:</h2>
*** Using Compiler 'V6.19', folder: 'Z:\Documentos\Nueva carpeta\ARM\ARMCLANG\Bin'
Build target 'Cortex-M0'
assembling asm.s...
linking...
Program Size: Code=32 RO-data=192 RW-data=0 ZI-data=16384  
".\~build\Cortex_M0.axf" - 0 Error(s), 0 Warning(s).

<h2>Software Packages used:</h2>

Package Vendor: Keil
                https://www.keil.com/pack/Keil.STM32F0xx_DFP.2.1.1.pack
                Keil.STM32F0xx_DFP.2.1.1
                STMicroelectronics STM32F0 Series Device Support, Drivers and Examples

<h2>Collection of Component include folders:</h2>
  Z:/Program/Keil/STM32F0xx_DFP/2.1.1/Drivers/CMSIS/Device/ST/STM32F0xx/Include

<h2>Collection of Component Files used:</h2>
Build Time Elapsed:  00:00:01
</pre>
</body>
</html>
