<html>
<body>
<pre>
<h1>µVision Build Log</h1>
<h2>Tool Versions:</h2>
IDE-Version: µVision V5.38.0.0
Copyright (C) 2022 ARM Ltd and ARM Germany GmbH. All rights reserved.
License Information: jenni ruan, universidad politecnica de madrid, LIC=QA3Y4-ZM954-LF6I0-PDJYI-JWCZ1-LY2PW
 
Tool Versions:
Toolchain:       MDK-ARM Community  Version: 5.38.0.0
Toolchain Path:  D:\Keil_v5\ARM\ARMCLANG\Bin
C Compiler:      ArmClang.exe V6.19
Assembler:       Armasm.exe V6.19
Linker/Locator:  ArmLink.exe V6.19
Library Manager: ArmAr.exe V6.19
Hex Converter:   FromElf.exe V6.19
CPU DLL:         SARMCM3.DLL V5.38.0.0
Dialog DLL:      DCM.DLL V1.17.5.0
Target DLL:      STLink\ST-LINKIII-KEIL_SWO.dll V3.1.0.0
Dialog DLL:      TCM.DLL V1.56.4.0
 
<h2>Project:</h2>
D:\Escritorio\MICRO\P2\S1\Examen 23\MICR.uvprojx
Project File Date:  04/14/2023

<h2>Output:</h2>
*** Using Compiler 'V6.19', folder: 'D:\Keil_v5\ARM\ARMCLANG\Bin'
Rebuild target 'mbed_NUCLEO_L432KC'
ArmClang: warning: Your license for feature Keil will expire in 9 days [-Wlicense-management]
compiling main.cpp...
linking...
.\~build\mbed_NUCLEO_L432KC.axf: warning: Your license for feature Keil will expire in 9 days [-Wlicense-management]
Program Size: Code=20048 RO-data=1340 RW-data=92 ZI-data=65036  
After Build - User command #1: fromelf --bin -o "D:\Escritorio\MICRO\P2\S1\Examen 23\~build\mbed_NUCLEO_L432KC.bin" ".\~build\mbed_NUCLEO_L432KC.axf"
Warning: Q9931W: Your license for feature Keil will expire in 9 days
Finished: 0 information, 1 warning and 0 error messages.
".\~build\mbed_NUCLEO_L432KC.axf" - 0 Error(s), 2 Warning(s).

<h2>Software Packages used:</h2>

Package Vendor: Keil
                http://www.keil.com/pack/Keil.STM32L4xx_DFP.2.6.1.pack
                Keil.STM32L4xx_DFP.2.6.1
                STMicroelectronics STM32L4 Series Device Support, Drivers and Examples

<h2>Collection of Component include folders:</h2>
  D:/Users/jenni/AppData/Local/Arm/Packs/Keil/STM32L4xx_DFP/2.6.1/Drivers/CMSIS/Device/ST/STM32L4xx/Include

<h2>Collection of Component Files used:</h2>
Build Time Elapsed:  00:00:02
</pre>
</body>
</html>
